// Jest Snapshot v1, https://goo.gl/fbAQLP

exports[`<Landing/> Categroy card 1`] = `
<View
  accessibilityState={
    {
      "busy": undefined,
      "checked": undefined,
      "disabled": undefined,
      "expanded": undefined,
      "selected": undefined,
    }
  }
  accessibilityValue={
    {
      "max": undefined,
      "min": undefined,
      "now": undefined,
      "text": undefined,
    }
  }
  accessible={true}
  collapsable={false}
  focusable={true}
  onClick={[Function]}
  onResponderGrant={[Function]}
  onResponderMove={[Function]}
  onResponderRelease={[Function]}
  onResponderTerminate={[Function]}
  onResponderTerminationRequest={[Function]}
  onStartShouldSetResponder={[Function]}
  style={
    {
      "borderRadius": 10,
      "marginBottom": 15,
      "opacity": 1,
      "overflow": "hidden",
      "position": "relative",
    }
  }
>
  <Image
    source={
      {
        "testUri": "../../../assets/images/1.png",
      }
    }
    style={
      {
        "height": 180,
        "position": "absolute",
        "width": 180,
      }
    }
  />
  <View
    style={
      {
        "alignItems": "center",
        "backgroundColor": "rgba(0,0,0, 0.75)",
        "height": 180,
        "justifyContent": "center",
        "width": 180,
      }
    }
  >
    <Text>
      Sample Test
    </Text>
  </View>
</View>
`;
